[1.153s] Invoking command in '/home/vboxuser/Desktop/ros_ws/src/robot_description': PYTHONPATH=/home/vboxuser/Desktop/ros_ws/src/robot_description/build/robot_description/prefix_override:/usr/lib/python3/dist-packages/colcon_core/task/python/colcon_distutils_commands:/home/vboxuser/Desktop/ros_ws/src/robot_description/install/robot_description/lib/python3.10/site-packages:${PYTHONPATH} /usr/bin/python3 -W ignore:setup.py install is deprecated -W ignore:easy_install command is deprecated setup.py egg_info --egg-base build/robot_description build --build-base /home/vboxuser/Desktop/ros_ws/src/robot_description/build/robot_description/build install --record /home/vboxuser/Desktop/ros_ws/src/robot_description/build/robot_description/install.log --single-version-externally-managed install_data
[1.538s] running egg_info
[1.538s] creating build/robot_description/robot_description.egg-info
[1.541s] writing build/robot_description/robot_description.egg-info/PKG-INFO
[1.542s] writing dependency_links to build/robot_description/robot_description.egg-info/dependency_links.txt
[1.542s] writing entry points to build/robot_description/robot_description.egg-info/entry_points.txt
[1.542s] writing requirements to build/robot_description/robot_description.egg-info/requires.txt
[1.542s] writing top-level names to build/robot_description/robot_description.egg-info/top_level.txt
[1.542s] writing manifest file 'build/robot_description/robot_description.egg-info/SOURCES.txt'
[1.543s] reading manifest file 'build/robot_description/robot_description.egg-info/SOURCES.txt'
[1.544s] writing manifest file 'build/robot_description/robot_description.egg-info/SOURCES.txt'
[1.545s] running build
[1.546s] running build_py
[1.546s] creating /home/vboxuser/Desktop/ros_ws/src/robot_description/build/robot_description/build
[1.546s] creating /home/vboxuser/Desktop/ros_ws/src/robot_description/build/robot_description/build/lib
[1.547s] creating /home/vboxuser/Desktop/ros_ws/src/robot_description/build/robot_description/build/lib/robot_description
[1.547s] copying robot_description/gripper_debugger.py -> /home/vboxuser/Desktop/ros_ws/src/robot_description/build/robot_description/build/lib/robot_description
[1.547s] copying robot_description/__init__.py -> /home/vboxuser/Desktop/ros_ws/src/robot_description/build/robot_description/build/lib/robot_description
[1.548s] running install
[1.549s] running install_lib
[1.550s] creating /home/vboxuser/Desktop/ros_ws/src/robot_description/install/robot_description/lib/python3.10/site-packages/robot_description
[1.551s] copying /home/vboxuser/Desktop/ros_ws/src/robot_description/build/robot_description/build/lib/robot_description/gripper_debugger.py -> /home/vboxuser/Desktop/ros_ws/src/robot_description/install/robot_description/lib/python3.10/site-packages/robot_description
[1.551s] copying /home/vboxuser/Desktop/ros_ws/src/robot_description/build/robot_description/build/lib/robot_description/__init__.py -> /home/vboxuser/Desktop/ros_ws/src/robot_description/install/robot_description/lib/python3.10/site-packages/robot_description
[1.551s] byte-compiling /home/vboxuser/Desktop/ros_ws/src/robot_description/install/robot_description/lib/python3.10/site-packages/robot_description/gripper_debugger.py to gripper_debugger.cpython-310.pyc
[1.552s] byte-compiling /home/vboxuser/Desktop/ros_ws/src/robot_description/install/robot_description/lib/python3.10/site-packages/robot_description/__init__.py to __init__.cpython-310.pyc
[1.552s] running install_data
[1.552s] copying package.xml -> /home/vboxuser/Desktop/ros_ws/src/robot_description/install/robot_description/share/robot_description
[1.552s] creating /home/vboxuser/Desktop/ros_ws/src/robot_description/install/robot_description/share/ament_index
[1.552s] creating /home/vboxuser/Desktop/ros_ws/src/robot_description/install/robot_description/share/ament_index/resource_index
[1.553s] creating /home/vboxuser/Desktop/ros_ws/src/robot_description/install/robot_description/share/ament_index/resource_index/packages
[1.553s] copying resource/robot_description -> /home/vboxuser/Desktop/ros_ws/src/robot_description/install/robot_description/share/ament_index/resource_index/packages
[1.553s] creating /home/vboxuser/Desktop/ros_ws/src/robot_description/install/robot_description/share/robot_description/launch
[1.553s] copying launch/display_gripper.launch.py -> /home/vboxuser/Desktop/ros_ws/src/robot_description/install/robot_description/share/robot_description/launch
[1.553s] creating /home/vboxuser/Desktop/ros_ws/src/robot_description/install/robot_description/share/robot_description/urdf
[1.554s] copying urdf/full_robot.xacro -> /home/vboxuser/Desktop/ros_ws/src/robot_description/install/robot_description/share/robot_description/urdf
[1.554s] copying urdf/wheel.xacro -> /home/vboxuser/Desktop/ros_ws/src/robot_description/install/robot_description/share/robot_description/urdf
[1.555s] copying urdf/mujoco_config.xacro -> /home/vboxuser/Desktop/ros_ws/src/robot_description/install/robot_description/share/robot_description/urdf
[1.555s] copying urdf/arm_with_gripper.xacro -> /home/vboxuser/Desktop/ros_ws/src/robot_description/install/robot_description/share/robot_description/urdf
[1.555s] copying urdf/arm.xacro -> /home/vboxuser/Desktop/ros_ws/src/robot_description/install/robot_description/share/robot_description/urdf
[1.556s] creating /home/vboxuser/Desktop/ros_ws/src/robot_description/install/robot_description/share/robot_description/urdf/gripper
[1.556s] copying urdf/gripper/gripper.xacro -> /home/vboxuser/Desktop/ros_ws/src/robot_description/install/robot_description/share/robot_description/urdf/gripper
[1.557s] creating /home/vboxuser/Desktop/ros_ws/src/robot_description/install/robot_description/share/robot_description/urdf/gripper/meshes
[1.557s] copying urdf/gripper/meshes/robotiq_85_base_link_fine.STL -> /home/vboxuser/Desktop/ros_ws/src/robot_description/install/robot_description/share/robot_description/urdf/gripper/meshes
[1.566s] copying urdf/gripper/meshes/inner_knuckle_fine.STL -> /home/vboxuser/Desktop/ros_ws/src/robot_description/install/robot_description/share/robot_description/urdf/gripper/meshes
[1.567s] copying urdf/gripper/meshes/inner_finger_coarse.STL -> /home/vboxuser/Desktop/ros_ws/src/robot_description/install/robot_description/share/robot_description/urdf/gripper/meshes
[1.569s] copying urdf/gripper/meshes/outer_knuckle_fine.STL -> /home/vboxuser/Desktop/ros_ws/src/robot_description/install/robot_description/share/robot_description/urdf/gripper/meshes
[1.572s] copying urdf/gripper/meshes/outer_knuckle_coarse.STL -> /home/vboxuser/Desktop/ros_ws/src/robot_description/install/robot_description/share/robot_description/urdf/gripper/meshes
[1.574s] copying urdf/gripper/meshes/inner_finger_fine.STL -> /home/vboxuser/Desktop/ros_ws/src/robot_description/install/robot_description/share/robot_description/urdf/gripper/meshes
[1.575s] copying urdf/gripper/meshes/inner_knuckle_coarse.STL -> /home/vboxuser/Desktop/ros_ws/src/robot_description/install/robot_description/share/robot_description/urdf/gripper/meshes
[1.576s] copying urdf/gripper/meshes/outer_finger_fine.STL -> /home/vboxuser/Desktop/ros_ws/src/robot_description/install/robot_description/share/robot_description/urdf/gripper/meshes
[1.577s] copying urdf/gripper/meshes/outer_finger_coarse.STL -> /home/vboxuser/Desktop/ros_ws/src/robot_description/install/robot_description/share/robot_description/urdf/gripper/meshes
[1.578s] copying urdf/gripper/meshes/robotiq_85_base_link_coarse.STL -> /home/vboxuser/Desktop/ros_ws/src/robot_description/install/robot_description/share/robot_description/urdf/gripper/meshes
[1.579s] creating /home/vboxuser/Desktop/ros_ws/src/robot_description/install/robot_description/share/robot_description/config
[1.579s] copying config/rviz_config.rviz -> /home/vboxuser/Desktop/ros_ws/src/robot_description/install/robot_description/share/robot_description/config
[1.580s] running install_egg_info
[1.582s] Copying build/robot_description/robot_description.egg-info to /home/vboxuser/Desktop/ros_ws/src/robot_description/install/robot_description/lib/python3.10/site-packages/robot_description-0.0.0-py3.10.egg-info
[1.583s] running install_scripts
[1.614s] Installing gripper_debugger script to /home/vboxuser/Desktop/ros_ws/src/robot_description/install/robot_description/lib/robot_description
[1.615s] writing list of installed files to '/home/vboxuser/Desktop/ros_ws/src/robot_description/build/robot_description/install.log'
[1.657s] Invoked command in '/home/vboxuser/Desktop/ros_ws/src/robot_description' returned '0': PYTHONPATH=/home/vboxuser/Desktop/ros_ws/src/robot_description/build/robot_description/prefix_override:/usr/lib/python3/dist-packages/colcon_core/task/python/colcon_distutils_commands:/home/vboxuser/Desktop/ros_ws/src/robot_description/install/robot_description/lib/python3.10/site-packages:${PYTHONPATH} /usr/bin/python3 -W ignore:setup.py install is deprecated -W ignore:easy_install command is deprecated setup.py egg_info --egg-base build/robot_description build --build-base /home/vboxuser/Desktop/ros_ws/src/robot_description/build/robot_description/build install --record /home/vboxuser/Desktop/ros_ws/src/robot_description/build/robot_description/install.log --single-version-externally-managed install_data
