/home/vboxuser/Desktop/ros_ws/src/robot_description/install/robot_description/lib/python3.10/site-packages/robot_description/gripper_debugger.py
/home/vboxuser/Desktop/ros_ws/src/robot_description/install/robot_description/lib/python3.10/site-packages/robot_description/__init__.py
/home/vboxuser/Desktop/ros_ws/src/robot_description/install/robot_description/lib/python3.10/site-packages/robot_description/__pycache__/gripper_debugger.cpython-310.pyc
/home/vboxuser/Desktop/ros_ws/src/robot_description/install/robot_description/lib/python3.10/site-packages/robot_description/__pycache__/__init__.cpython-310.pyc
/home/vboxuser/Desktop/ros_ws/src/robot_description/install/robot_description/share/robot_description/package.xml
/home/vboxuser/Desktop/ros_ws/src/robot_description/install/robot_description/share/ament_index/resource_index/packages/robot_description
/home/vboxuser/Desktop/ros_ws/src/robot_description/install/robot_description/share/robot_description/launch/display_gripper.launch.py
/home/vboxuser/Desktop/ros_ws/src/robot_description/install/robot_description/share/robot_description/urdf/full_robot.xacro
/home/vboxuser/Desktop/ros_ws/src/robot_description/install/robot_description/share/robot_description/urdf/wheel.xacro
/home/vboxuser/Desktop/ros_ws/src/robot_description/install/robot_description/share/robot_description/urdf/mujoco_config.xacro
/home/vboxuser/Desktop/ros_ws/src/robot_description/install/robot_description/share/robot_description/urdf/arm_with_gripper.xacro
/home/vboxuser/Desktop/ros_ws/src/robot_description/install/robot_description/share/robot_description/urdf/arm.xacro
/home/vboxuser/Desktop/ros_ws/src/robot_description/install/robot_description/share/robot_description/urdf/gripper/gripper.xacro
/home/vboxuser/Desktop/ros_ws/src/robot_description/install/robot_description/share/robot_description/urdf/gripper
/home/vboxuser/Desktop/ros_ws/src/robot_description/install/robot_description/share/robot_description/urdf/gripper/meshes/robotiq_85_base_link_fine.STL
/home/vboxuser/Desktop/ros_ws/src/robot_description/install/robot_description/share/robot_description/urdf/gripper/meshes/inner_knuckle_fine.STL
/home/vboxuser/Desktop/ros_ws/src/robot_description/install/robot_description/share/robot_description/urdf/gripper/meshes/inner_finger_coarse.STL
/home/vboxuser/Desktop/ros_ws/src/robot_description/install/robot_description/share/robot_description/urdf/gripper/meshes/outer_knuckle_fine.STL
/home/vboxuser/Desktop/ros_ws/src/robot_description/install/robot_description/share/robot_description/urdf/gripper/meshes/outer_knuckle_coarse.STL
/home/vboxuser/Desktop/ros_ws/src/robot_description/install/robot_description/share/robot_description/urdf/gripper/meshes/inner_finger_fine.STL
/home/vboxuser/Desktop/ros_ws/src/robot_description/install/robot_description/share/robot_description/urdf/gripper/meshes/inner_knuckle_coarse.STL
/home/vboxuser/Desktop/ros_ws/src/robot_description/install/robot_description/share/robot_description/urdf/gripper/meshes/outer_finger_fine.STL
/home/vboxuser/Desktop/ros_ws/src/robot_description/install/robot_description/share/robot_description/urdf/gripper/meshes/outer_finger_coarse.STL
/home/vboxuser/Desktop/ros_ws/src/robot_description/install/robot_description/share/robot_description/urdf/gripper/meshes/robotiq_85_base_link_coarse.STL
/home/vboxuser/Desktop/ros_ws/src/robot_description/install/robot_description/share/robot_description/config/rviz_config.rviz
/home/vboxuser/Desktop/ros_ws/src/robot_description/install/robot_description/lib/python3.10/site-packages/robot_description-0.0.0-py3.10.egg-info/entry_points.txt
/home/vboxuser/Desktop/ros_ws/src/robot_description/install/robot_description/lib/python3.10/site-packages/robot_description-0.0.0-py3.10.egg-info/top_level.txt
/home/vboxuser/Desktop/ros_ws/src/robot_description/install/robot_description/lib/python3.10/site-packages/robot_description-0.0.0-py3.10.egg-info/dependency_links.txt
/home/vboxuser/Desktop/ros_ws/src/robot_description/install/robot_description/lib/python3.10/site-packages/robot_description-0.0.0-py3.10.egg-info/SOURCES.txt
/home/vboxuser/Desktop/ros_ws/src/robot_description/install/robot_description/lib/python3.10/site-packages/robot_description-0.0.0-py3.10.egg-info/requires.txt
/home/vboxuser/Desktop/ros_ws/src/robot_description/install/robot_description/lib/python3.10/site-packages/robot_description-0.0.0-py3.10.egg-info/PKG-INFO
/home/vboxuser/Desktop/ros_ws/src/robot_description/install/robot_description/lib/python3.10/site-packages/robot_description-0.0.0-py3.10.egg-info/zip-safe
/home/vboxuser/Desktop/ros_ws/src/robot_description/install/robot_description/lib/robot_description/gripper_debugger
