[0.900s] DEBUG:colcon:Command line arguments: ['/usr/bin/colcon', 'build']
[0.900s] DEBUG:colcon:Parsed command line arguments: Namespace(log_base=None, log_level=None, verb_name='build', build_base='build', install_base='install', merge_install=False, symlink_install=False, test_result_base=None, continue_on_error=False, executor='parallel', parallel_workers=4, event_handlers=None, ignore_user_meta=False, metas=['./colcon.meta'], base_paths=['.'], packages_ignore=None, packages_ignore_regex=None, paths=None, packages_up_to=None, packages_up_to_regex=None, packages_above=None, packages_above_and_dependencies=None, packages_above_depth=None, packages_select_by_dep=None, packages_skip_by_dep=None, packages_skip_up_to=None, packages_select_build_failed=False, packages_skip_build_finished=False, packages_select_test_failures=False, packages_skip_test_passed=False, packages_select=None, packages_skip=None, packages_select_regex=None, packages_skip_regex=None, packages_start=None, packages_end=None, allow_overriding=[], cmake_args=None, cmake_target=None, cmake_target_skip_unavailable=False, cmake_clean_cache=False, cmake_clean_first=False, cmake_force_configure=False, ament_cmake_args=None, catkin_cmake_args=None, catkin_skip_building_tests=False, verb_parser=<colcon_defaults.argument_parser.defaults.DefaultArgumentsDecorator object at 0x7eaddbe27970>, verb_extension=<colcon_core.verb.build.BuildVerb object at 0x7eaddbfd92d0>, main=<bound method BuildVerb.main of <colcon_core.verb.build.BuildVerb object at 0x7eaddbfd92d0>>)
[1.513s] Level 1:colcon.colcon_core.package_discovery:discover_packages(colcon_meta) check parameters
[1.514s] Level 1:colcon.colcon_core.package_discovery:discover_packages(recursive) check parameters
[1.514s] Level 1:colcon.colcon_core.package_discovery:discover_packages(ignore) check parameters
[1.514s] Level 1:colcon.colcon_core.package_discovery:discover_packages(path) check parameters
[1.514s] Level 1:colcon.colcon_core.package_discovery:discover_packages(colcon_meta) discover
[1.514s] Level 1:colcon.colcon_core.package_discovery:discover_packages(recursive) discover
[1.514s] INFO:colcon.colcon_core.package_discovery:Crawling recursively for packages in '/home/vboxuser/Desktop/ros_ws/src/robot_description'
[1.514s] Level 1:colcon.colcon_core.package_identification:_identify(.) by extensions ['ignore', 'ignore_ament_install']
[1.514s] Level 1:colcon.colcon_core.package_identification:_identify(.) by extension 'ignore'
[1.515s] Level 1:colcon.colcon_core.package_identification:_identify(.) by extension 'ignore_ament_install'
[1.515s] Level 1:colcon.colcon_core.package_identification:_identify(.) by extensions ['colcon_pkg']
[1.515s] Level 1:colcon.colcon_core.package_identification:_identify(.) by extension 'colcon_pkg'
[1.515s] Level 1:colcon.colcon_core.package_identification:_identify(.) by extensions ['colcon_meta']
[1.515s] Level 1:colcon.colcon_core.package_identification:_identify(.) by extension 'colcon_meta'
[1.515s] Level 1:colcon.colcon_core.package_identification:_identify(.) by extensions ['ros']
[1.515s] Level 1:colcon.colcon_core.package_identification:_identify(.) by extension 'ros'
[1.562s] DEBUG:colcon.colcon_core.package_identification:Package '.' with type 'ros.ament_python' and name 'robot_description'
[1.562s] Level 1:colcon.colcon_core.package_discovery:discover_packages(recursive) using defaults
[1.563s] Level 1:colcon.colcon_core.package_discovery:discover_packages(ignore) discover
[1.563s] Level 1:colcon.colcon_core.package_discovery:discover_packages(ignore) using defaults
[1.563s] Level 1:colcon.colcon_core.package_discovery:discover_packages(path) discover
[1.563s] Level 1:colcon.colcon_core.package_discovery:discover_packages(path) using defaults
[1.635s] Level 1:colcon.colcon_core.package_discovery:discover_packages(prefix_path) check parameters
[1.635s] Level 1:colcon.colcon_core.package_discovery:discover_packages(prefix_path) discover
[1.649s] DEBUG:colcon.colcon_installed_package_information.package_discovery:Found 2 installed packages in /home/vboxuser/Desktop/ros_ws/install
[1.653s] DEBUG:colcon.colcon_installed_package_information.package_discovery:Found 279 installed packages in /opt/ros/humble
[1.668s] Level 1:colcon.colcon_core.package_discovery:discover_packages(prefix_path) using defaults
[1.839s] Level 5:colcon.colcon_core.verb:set package 'robot_description' build argument 'cmake_args' from command line to 'None'
[1.839s] Level 5:colcon.colcon_core.verb:set package 'robot_description' build argument 'cmake_target' from command line to 'None'
[1.839s] Level 5:colcon.colcon_core.verb:set package 'robot_description' build argument 'cmake_target_skip_unavailable' from command line to 'False'
[1.839s] Level 5:colcon.colcon_core.verb:set package 'robot_description' build argument 'cmake_clean_cache' from command line to 'False'
[1.839s] Level 5:colcon.colcon_core.verb:set package 'robot_description' build argument 'cmake_clean_first' from command line to 'False'
[1.839s] Level 5:colcon.colcon_core.verb:set package 'robot_description' build argument 'cmake_force_configure' from command line to 'False'
[1.839s] Level 5:colcon.colcon_core.verb:set package 'robot_description' build argument 'ament_cmake_args' from command line to 'None'
[1.839s] Level 5:colcon.colcon_core.verb:set package 'robot_description' build argument 'catkin_cmake_args' from command line to 'None'
[1.839s] Level 5:colcon.colcon_core.verb:set package 'robot_description' build argument 'catkin_skip_building_tests' from command line to 'False'
[1.839s] DEBUG:colcon.colcon_core.verb:Building package 'robot_description' with the following arguments: {'ament_cmake_args': None, 'build_base': '/home/vboxuser/Desktop/ros_ws/src/robot_description/build/robot_description', 'catkin_cmake_args': None, 'catkin_skip_building_tests': False, 'cmake_args': None, 'cmake_clean_cache': False, 'cmake_clean_first': False, 'cmake_force_configure': False, 'cmake_target': None, 'cmake_target_skip_unavailable': False, 'install_base': '/home/vboxuser/Desktop/ros_ws/src/robot_description/install/robot_description', 'merge_install': False, 'path': '/home/vboxuser/Desktop/ros_ws/src/robot_description', 'symlink_install': False, 'test_result_base': None}
[1.839s] INFO:colcon.colcon_core.executor:Executing jobs using 'parallel' executor
[1.841s] DEBUG:colcon.colcon_parallel_executor.executor.parallel:run_until_complete
[1.841s] INFO:colcon.colcon_ros.task.ament_python.build:Building ROS package in '/home/vboxuser/Desktop/ros_ws/src/robot_description' with build type 'ament_python'
[1.841s] Level 1:colcon.colcon_core.shell:create_environment_hook('robot_description', 'ament_prefix_path')
[1.852s] INFO:colcon.colcon_core.plugin_system:Skipping extension 'colcon_core.shell.bat': Not used on non-Windows systems
[1.852s] INFO:colcon.colcon_core.shell:Creating environment hook '/home/vboxuser/Desktop/ros_ws/src/robot_description/install/robot_description/share/robot_description/hook/ament_prefix_path.ps1'
[1.854s] INFO:colcon.colcon_core.shell:Creating environment descriptor '/home/vboxuser/Desktop/ros_ws/src/robot_description/install/robot_description/share/robot_description/hook/ament_prefix_path.dsv'
[1.855s] INFO:colcon.colcon_core.shell:Creating environment hook '/home/vboxuser/Desktop/ros_ws/src/robot_description/install/robot_description/share/robot_description/hook/ament_prefix_path.sh'
[1.857s] INFO:colcon.colcon_core.shell:Skip shell extension 'powershell' for command environment: Not usable outside of PowerShell
[1.857s] DEBUG:colcon.colcon_core.shell:Skip shell extension 'dsv' for command environment
[2.329s] INFO:colcon.colcon_core.task.python.build:Building Python package in '/home/vboxuser/Desktop/ros_ws/src/robot_description'
[2.330s] INFO:colcon.colcon_core.shell:Skip shell extension 'powershell' for command environment: Not usable outside of PowerShell
[2.330s] DEBUG:colcon.colcon_core.shell:Skip shell extension 'dsv' for command environment
[2.995s] DEBUG:colcon.colcon_core.event_handler.log_command:Invoking command in '/home/vboxuser/Desktop/ros_ws/src/robot_description': PYTHONPATH=/home/vboxuser/Desktop/ros_ws/src/robot_description/build/robot_description/prefix_override:/usr/lib/python3/dist-packages/colcon_core/task/python/colcon_distutils_commands:/home/vboxuser/Desktop/ros_ws/src/robot_description/install/robot_description/lib/python3.10/site-packages:${PYTHONPATH} /usr/bin/python3 -W ignore:setup.py install is deprecated -W ignore:easy_install command is deprecated setup.py egg_info --egg-base build/robot_description build --build-base /home/vboxuser/Desktop/ros_ws/src/robot_description/build/robot_description/build install --record /home/vboxuser/Desktop/ros_ws/src/robot_description/build/robot_description/install.log --single-version-externally-managed install_data
[3.499s] DEBUG:colcon.colcon_core.event_handler.log_command:Invoked command in '/home/vboxuser/Desktop/ros_ws/src/robot_description' returned '0': PYTHONPATH=/home/vboxuser/Desktop/ros_ws/src/robot_description/build/robot_description/prefix_override:/usr/lib/python3/dist-packages/colcon_core/task/python/colcon_distutils_commands:/home/vboxuser/Desktop/ros_ws/src/robot_description/install/robot_description/lib/python3.10/site-packages:${PYTHONPATH} /usr/bin/python3 -W ignore:setup.py install is deprecated -W ignore:easy_install command is deprecated setup.py egg_info --egg-base build/robot_description build --build-base /home/vboxuser/Desktop/ros_ws/src/robot_description/build/robot_description/build install --record /home/vboxuser/Desktop/ros_ws/src/robot_description/build/robot_description/install.log --single-version-externally-managed install_data
[3.521s] Level 1:colcon.colcon_core.environment:checking '/home/vboxuser/Desktop/ros_ws/src/robot_description/install/robot_description' for CMake module files
[3.522s] Level 1:colcon.colcon_core.environment:checking '/home/vboxuser/Desktop/ros_ws/src/robot_description/install/robot_description' for CMake config files
[3.522s] Level 1:colcon.colcon_core.environment:checking '/home/vboxuser/Desktop/ros_ws/src/robot_description/install/robot_description/lib'
[3.523s] Level 1:colcon.colcon_core.environment:checking '/home/vboxuser/Desktop/ros_ws/src/robot_description/install/robot_description/bin'
[3.523s] Level 1:colcon.colcon_core.environment:checking '/home/vboxuser/Desktop/ros_ws/src/robot_description/install/robot_description/lib/pkgconfig/robot_description.pc'
[3.524s] Level 1:colcon.colcon_core.environment:checking '/home/vboxuser/Desktop/ros_ws/src/robot_description/install/robot_description/lib/python3.10/site-packages'
[3.525s] Level 1:colcon.colcon_core.shell:create_environment_hook('robot_description', 'pythonpath')
[3.525s] INFO:colcon.colcon_core.shell:Creating environment hook '/home/vboxuser/Desktop/ros_ws/src/robot_description/install/robot_description/share/robot_description/hook/pythonpath.ps1'
[3.527s] INFO:colcon.colcon_core.shell:Creating environment descriptor '/home/vboxuser/Desktop/ros_ws/src/robot_description/install/robot_description/share/robot_description/hook/pythonpath.dsv'
[3.527s] INFO:colcon.colcon_core.shell:Creating environment hook '/home/vboxuser/Desktop/ros_ws/src/robot_description/install/robot_description/share/robot_description/hook/pythonpath.sh'
[3.528s] Level 1:colcon.colcon_core.environment:checking '/home/vboxuser/Desktop/ros_ws/src/robot_description/install/robot_description/bin'
[3.528s] Level 1:colcon.colcon_core.environment:create_environment_scripts_only(robot_description)
[3.529s] INFO:colcon.colcon_core.shell:Creating package script '/home/vboxuser/Desktop/ros_ws/src/robot_description/install/robot_description/share/robot_description/package.ps1'
[3.532s] INFO:colcon.colcon_core.shell:Creating package descriptor '/home/vboxuser/Desktop/ros_ws/src/robot_description/install/robot_description/share/robot_description/package.dsv'
[3.534s] INFO:colcon.colcon_core.shell:Creating package script '/home/vboxuser/Desktop/ros_ws/src/robot_description/install/robot_description/share/robot_description/package.sh'
[3.535s] INFO:colcon.colcon_core.shell:Creating package script '/home/vboxuser/Desktop/ros_ws/src/robot_description/install/robot_description/share/robot_description/package.bash'
[3.537s] INFO:colcon.colcon_core.shell:Creating package script '/home/vboxuser/Desktop/ros_ws/src/robot_description/install/robot_description/share/robot_description/package.zsh'
[3.539s] Level 1:colcon.colcon_core.environment:create_file_with_runtime_dependencies(/home/vboxuser/Desktop/ros_ws/src/robot_description/install/robot_description/share/colcon-core/packages/robot_description)
[3.539s] DEBUG:colcon.colcon_parallel_executor.executor.parallel:closing loop
[3.540s] DEBUG:colcon.colcon_parallel_executor.executor.parallel:loop closed
[3.540s] DEBUG:colcon.colcon_parallel_executor.executor.parallel:run_until_complete finished with '0'
[3.540s] DEBUG:colcon.colcon_core.event_reactor:joining thread
[3.567s] INFO:colcon.colcon_core.plugin_system:Skipping extension 'colcon_notification.desktop_notification.terminal_notifier': Not used on non-Darwin systems
[3.567s] INFO:colcon.colcon_core.plugin_system:Skipping extension 'colcon_notification.desktop_notification.win32': Not used on non-Windows systems
[3.567s] INFO:colcon.colcon_notification.desktop_notification:Sending desktop notification using 'notify2'
[3.844s] DEBUG:colcon.colcon_core.event_reactor:joined thread
[3.844s] INFO:colcon.colcon_core.shell:Creating prefix script '/home/vboxuser/Desktop/ros_ws/src/robot_description/install/local_setup.ps1'
[3.846s] INFO:colcon.colcon_core.shell:Creating prefix util module '/home/vboxuser/Desktop/ros_ws/src/robot_description/install/_local_setup_util_ps1.py'
[3.849s] INFO:colcon.colcon_core.shell:Creating prefix chain script '/home/vboxuser/Desktop/ros_ws/src/robot_description/install/setup.ps1'
[3.852s] INFO:colcon.colcon_core.shell:Creating prefix script '/home/vboxuser/Desktop/ros_ws/src/robot_description/install/local_setup.sh'
[3.853s] INFO:colcon.colcon_core.shell:Creating prefix util module '/home/vboxuser/Desktop/ros_ws/src/robot_description/install/_local_setup_util_sh.py'
[3.854s] INFO:colcon.colcon_core.shell:Creating prefix chain script '/home/vboxuser/Desktop/ros_ws/src/robot_description/install/setup.sh'
[3.857s] INFO:colcon.colcon_core.shell:Creating prefix script '/home/vboxuser/Desktop/ros_ws/src/robot_description/install/local_setup.bash'
[3.859s] INFO:colcon.colcon_core.shell:Creating prefix chain script '/home/vboxuser/Desktop/ros_ws/src/robot_description/install/setup.bash'
[3.862s] INFO:colcon.colcon_core.shell:Creating prefix script '/home/vboxuser/Desktop/ros_ws/src/robot_description/install/local_setup.zsh'
[3.863s] INFO:colcon.colcon_core.shell:Creating prefix chain script '/home/vboxuser/Desktop/ros_ws/src/robot_description/install/setup.zsh'
